// Jest Snapshot v1, https://goo.gl/fbAQLP

exports[`ValidationError component renders the ValidationError by default 1`] = `<Fragment />`;
