// Jest Snapshot v1, https://goo.gl/fbAQLP

exports[`Footer component renders the Footer by default 1`] = `""`;
