// Jest Snapshot v1, https://goo.gl/fbAQLP

exports[`Tipcard component renders the Tipcard component 1`] = `
<div
  className="Tipbox"
>
  <Link
    className="tipLink"
    to="/Category/undefined/undefined"
  >
    <p
      className="cardName"
    />
  </Link>
</div>
`;
