// Jest Snapshot v1, https://goo.gl/fbAQLP

exports[`NotFoundPage component renders the NotFoundPage by default 1`] = `
<section
  className="notFound"
>
  <h1
    className="notFoundTitle"
  >
    Page Not Found!
  </h1>
  <p
    className="notFoundError"
  >
    Sorry the page you are looking for is not here, please check the URL
  </p>
</section>
`;
